// Jest Snapshot v1, https://goo.gl/fbAQLP

exports[`Pruebas es MultipleCustomHooks Debe mostrar el componente 1`] = `
<div>
  <h1>
    Breaking Bad quotes
  </h1>
  <hr />
  <div
    className="alert alert-info"
  >
    Loading...
  </div>
  <button
    className="btn btn-primary"
  >
    Siguiente quote
  </button>
</div>
`;
